// Jest Snapshot v1, https://goo.gl/fbAQLP

exports[`Prueba Unitaria del componente GifsGridItem Prueba del componente 1`] = `
<div
  className="card animate__animated animate__bounce"
>
  <img
    alt="Un titulo"
    src="localhost/prueba.jpg"
  />
  <p>
    Un titulo
  </p>
</div>
`;
